// Jest Snapshot v1, https://goo.gl/fbAQLP

exports[`server/sample.jsx should work 1`] = `
<div
  className="first"
>
  <p>
    Sample Server One
  </p>
</div>
`;
